---
source: src/portgraph/indexing.rs
expression: all_bindings(&graph)
---
[
    {
        Root(0): NodeIndex(4),
        Along(2, in0)@1): NodeIndex(3),
        Root(1): NodeIndex(3),
        Along(1, out0)@2): NodeIndex(1),
        Along(1, out0)@1): NodeIndex(0),
        Along(1, out1)@1): NodeIndex(4),
        Root(2): NodeIndex(0),
        Along(0, in0)@1): NodeIndex(3),
        Along(2, out0)@1): NodeIndex(1),
        Along(2, out1)@1): NodeIndex(2),
    },
    {
        Root(0): NodeIndex(3),
        Along(0, out0)@1): NodeIndex(0),
        Along(1, in0)@1): NodeIndex(3),
        Along(0, out1)@1): NodeIndex(4),
        Root(1): NodeIndex(0),
        Along(0, out0)@2): NodeIndex(1),
        Along(1, out0)@1): NodeIndex(1),
        Along(1, out1)@1): NodeIndex(2),
    },
    {
        Root(0): NodeIndex(2),
        Along(1, in0)@1): NodeIndex(3),
        Root(1): NodeIndex(0),
        Along(2, out0)@2): NodeIndex(1),
        Along(1, out0)@1): NodeIndex(1),
        Along(1, out1)@1): NodeIndex(2),
        Root(2): NodeIndex(3),
        Along(0, in0)@1): NodeIndex(0),
        Along(2, out0)@1): NodeIndex(0),
        Along(2, out1)@1): NodeIndex(4),
    },
    {
        Root(0): NodeIndex(1),
        Along(1, in0)@1): NodeIndex(3),
        Root(1): NodeIndex(0),
        Along(2, out0)@2): NodeIndex(1),
        Along(1, out0)@1): NodeIndex(1),
        Along(1, out1)@1): NodeIndex(2),
        Root(2): NodeIndex(3),
        Along(0, in0)@1): NodeIndex(0),
        Along(0, in0)@2): NodeIndex(3),
        Along(2, out0)@1): NodeIndex(0),
        Along(2, out1)@1): NodeIndex(4),
    },
    {
        Root(0): NodeIndex(0),
        Along(0, out0)@1): NodeIndex(1),
        Along(0, out1)@1): NodeIndex(2),
        Root(1): NodeIndex(3),
        Along(1, out0)@2): NodeIndex(1),
        Along(1, out0)@1): NodeIndex(0),
        Along(1, out1)@1): NodeIndex(4),
        Along(0, in0)@1): NodeIndex(3),
    },
]
