---
source: src/portgraph/constraint/mutex.rs
expression: tree
---
ConstraintTree {
    nodes: [
        TreeNode {
            constraint_indices: [],
            children: [
                TreeNodeChild {
                    constraint: not_equal(2)(Along(0, out0)@0), Along(1, out0)@1), Along(2, out0)@1)),
                    node_index: 1,
                },
                TreeNodeChild {
                    constraint: not_equal(2)(Along(0, out0)@0), Along(1, out0)@1), Along(1, out0)@2)),
                    node_index: 2,
                },
                TreeNodeChild {
                    constraint: not_equal(2)(Along(0, out0)@0), Along(1, out0)@1), Along(1, out0)@3)),
                    node_index: 4,
                },
            ],
        },
        TreeNode {
            constraint_indices: [
                0,
            ],
            children: [
                TreeNodeChild {
                    constraint: not_equal(1)(Along(0, out0)@0), Along(1, out0)@2)),
                    node_index: 3,
                },
                TreeNodeChild {
                    constraint: not_equal(1)(Along(0, out0)@0), Along(1, out0)@3)),
                    node_index: 6,
                },
            ],
        },
        TreeNode {
            constraint_indices: [
                1,
            ],
            children: [
                TreeNodeChild {
                    constraint: not_equal(1)(Along(0, out0)@0), Along(1, out0)@3)),
                    node_index: 5,
                },
            ],
        },
        TreeNode {
            constraint_indices: [
                1,
            ],
            children: [
                TreeNodeChild {
                    constraint: not_equal(1)(Along(0, out0)@0), Along(1, out0)@3)),
                    node_index: 7,
                },
            ],
        },
        TreeNode {
            constraint_indices: [
                2,
            ],
            children: [],
        },
        TreeNode {
            constraint_indices: [
                2,
            ],
            children: [],
        },
        TreeNode {
            constraint_indices: [
                2,
            ],
            children: [],
        },
        TreeNode {
            constraint_indices: [
                2,
            ],
            children: [],
        },
    ],
    make_det: false,
}
